
--- Sync started at 2026-02-14T23:28:57.411Z ---
Fetching page 1...
Fetched 10 workouts from page 1.
Fetching page 2...
Fetched 10 workouts from page 2.
Fetching page 3...
Fetched 10 workouts from page 3.
Fetching page 4...
Fetched 10 workouts from page 4.
Fetching page 5...
Fetched 10 workouts from page 5.
Fetching page 6...
Fetched 10 workouts from page 6.
Fetching page 7...
Fetched 10 workouts from page 7.
Fetching page 8...
Fetched 10 workouts from page 8.
Fetching page 9...
Fetched 10 workouts from page 9.
Fetching page 10...
Fetched 10 workouts from page 10.
Fetching page 11...
Fetched 10 workouts from page 11.
Fetching page 12...
Fetched 10 workouts from page 12.
Fetching page 13...
Fetched 10 workouts from page 13.
Fetching page 14...
Fetched 10 workouts from page 14.
Fetching page 15...
Fetched 10 workouts from page 15.
Fetching page 16...
Fetched 10 workouts from page 16.
Fetching page 17...
Fetched 10 workouts from page 17.
Fetching page 18...
Fetched 10 workouts from page 18.
Fetching page 19...
Fetched 10 workouts from page 19.
Fetching page 20...
Fetched 10 workouts from page 20.
Fetching page 21...
Fetched 10 workouts from page 21.
Fetching page 22...
Fetched 10 workouts from page 22.
Fetching page 23...
Fetched 10 workouts from page 23.
Fetching page 24...
Fetched 9 workouts from page 24.
Fetching page 25...
Fetched 10 workouts from page 25.
Fetching page 26...
Fetched 1 workouts from page 26.
Fetching page 27...
CRITICAL SYNC ERROR: Failed to fetch workouts: Request failed with status code 404

--- Sync started at 2026-02-14T23:31:53.813Z ---
Fetching page 1...
Fetched 10 workouts from page 1.
Fetching page 2...
Fetched 10 workouts from page 2.
Fetching page 3...
Fetched 10 workouts from page 3.
Fetching page 4...
Fetched 10 workouts from page 4.
Fetching page 5...
Fetched 10 workouts from page 5.
Fetching page 6...
Fetched 10 workouts from page 6.
Fetching page 7...
Fetched 10 workouts from page 7.
Fetching page 8...
Fetched 10 workouts from page 8.
Fetching page 9...
Fetched 10 workouts from page 9.
Fetching page 10...
Fetched 10 workouts from page 10.
Fetching page 11...
Fetched 10 workouts from page 11.
Fetching page 12...
Fetched 10 workouts from page 12.
Fetching page 13...
Fetched 10 workouts from page 13.
Fetching page 14...
Fetched 10 workouts from page 14.
Fetching page 15...
Fetched 10 workouts from page 15.
Fetching page 16...
Fetched 10 workouts from page 16.
Fetching page 17...
Fetched 10 workouts from page 17.
Fetching page 18...
Fetched 10 workouts from page 18.
Fetching page 19...
Fetched 10 workouts from page 19.
Fetching page 20...
Fetched 10 workouts from page 20.
Fetching page 21...
Fetched 10 workouts from page 21.
Fetching page 22...
Fetched 10 workouts from page 22.
Fetching page 23...
Fetched 10 workouts from page 23.
Fetching page 24...
Fetched 9 workouts from page 24.
Fetching page 25...
Fetched 10 workouts from page 25.
Fetching page 26...
Fetched 1 workouts from page 26.
Fetching page 27...
Reached end of data (404). Stopping.
Sync finished. Total synced in this session: 250
